"GET /twiki/bin/edit/Main/Double_bounce_sender?topicparent=Main.ConfigurationVariables HTTP/1.1" 401 12846
"GET /twiki/bin/rdiff/TWiki/NewUserTemplate?rev1=1.3&rev2=1.2 HTTP/1.1" 200 4523
"GET /razor.html HTTP/1.1" 200 2869
"GET /mailman/listinfo/hsdivision HTTP/1.1" 200 6291
"GET /twiki/bin/view/TWiki/WikiSyntax HTTP/1.1" 200 7352
"GET /twiki/bin/view/Main/DCCAndPostFix HTTP/1.1" 200 5253
"GET /twiki/bin/oops/TWiki/AppendixFileSystem?template=oopsmore¶m1=1.12¶m2=1.12 HTTP/1.1" 200 11382
"GET /twiki/bin/view/Main/PeterThoeny HTTP/1.1" 200 4924
"GET /twiki/bin/edit/Main/Header_checks?topicparent=Main.ConfigurationVariables HTTP/1.1" 401 12851
"GET /razor.html HTTP/1.1" 200 2869
"GET /twiki/bin/attach/Main/OfficeLocations HTTP/1.1" 401 12851
"GET /twiki/bin/view/TWiki/WebTopicEditTemplate HTTP/1.1" 200 3732
"GET /twiki/bin/view/Main/WebChanges HTTP/1.1" 200 40520
"GET /twiki/bin/edit/Main/Smtpd_etrn_restrictions?topicparent=Main.ConfigurationVariables HTTP/1.1" 401 12851
"GET /mailman/listinfo/business HTTP/1.1" 200 6379
"GET /twiki/bin/rdiff/Main/WebIndex?rev1=1.2&rev2=1.1 HTTP/1.1" 200 46373
"GET /razor.html HTTP/1.1" 200 2869
"GET /razor.html HTTP/1.1" 200 2869
"GET /razor.html HTTP/1.1" 200 2869
"GET /twiki/bin/view/TWiki/DontNotify HTTP/1.1" 200 4140
"GET /twiki/bin/view/Main/TokyoOffice HTTP/1.1" 200 3853
"GET /twiki/bin/view/Main/MikeMannix HTTP/1.1" 200 3686
"GET /twiki/bin/attach/Main/PostfixCommands HTTP/1.1" 401 12846
"GET /robots.txt HTTP/1.1" 200 68
"GET /twiki/bin/rdiff/Know/ReadmeFirst?rev1=1.5&rev2=1.4 HTTP/1.1" 200 5724
"GET /twiki/bin/oops/TWiki/ResetPassword?template=oopsmore¶m1=1.4¶m2=1.4 HTTP/1.1" 200 11281
"GET /twiki/bin/view/Main/TWikiGroups?rev=1.2 HTTP/1.1" 200 5162
"GET /twiki/bin/rdiff/Main/ConfigurationVariables HTTP/1.1" 200 59679
"GET /twiki/bin/edit/Main/Flush_service_name?topicparent=Main.ConfigurationVariables HTTP/1.1" 401 12851
"GET /razor.html HTTP/1.1" 200 2869
"GET /twiki/bin/rdiff/TWiki/TWikiRegistration HTTP/1.1" 200 34395
"GET /twiki/bin/rdiff/Main/NicholasLee HTTP/1.1" 200 7235
"GET /twiki/bin/oops/TWiki/ResetPassword?template=oopsmore¶m1=1.4¶m2=1.4 HTTP/1.1" 200 11281
"GET /twiki/bin/oops/TWiki/ResetPassword?template=oopsmore¶m1=1.4¶m2=1.4 HTTP/1.1" 200 11281
"GET /twiki/bin/view/Sandbox/WebHome?rev=1.6 HTTP/1.1" 200 8545
"GET /mailman/listinfo/administration HTTP/1.1" 200 6459
"GET /razor.html HTTP/1.1" 200 2869
"GET /twiki/bin/search/Main/SearchResult?scope=text®ex=on&search=Joris%20*Benschop[^A-Za-z] HTTP/1.1" 200 4284
"GET /twiki/bin/oops/TWiki/TextFormattingRules?template=oopsmore¶m1=1.37¶m2=1.37 HTTP/1.1" 200 11400
"GET /mailman/listinfo/business HTTP/1.1" 200 6379
"GET /twiki/bin/oops/TWiki/ResetPassword?template=oopsmore¶m1=1.4¶m2=1.4 HTTP/1.1" 200 11281
"GET /mailman/listinfo/business HTTP/1.1" 200 6379
"GET /mailman/listinfo/business HTTP/1.1" 200 6379
"GET /twiki/bin/edit/TWiki/DefaultPlugin?t=1078688936 HTTP/1.1" 401 12846
"GET /twiki/bin/search/Main/?scope=topic®ex=on&search=^g HTTP/1.1" 200 3675
"GET /twiki/bin/search/TWiki/?scope=topic®ex=on&search=^d HTTP/1.1" 200 5773
"GET /robots.txt HTTP/1.0" 200 68
"GET /twiki/bin/oops/TWiki/ResetPassword?template=oopsmore¶m1=1.4¶m2=1.4 HTTP/1.1" 200 11281
"GET /twiki/bin/view/Main/LondonOffice HTTP/1.0" 200 3860
"GET /twiki/bin/attach/TWiki/TablePlugin HTTP/1.1" 401 12846
"GET /mailman/listinfo/business HTTP/1.1" 200 6379
"GET /razor.html HTTP/1.1" 200 2869
"GET /razor.html HTTP/1.1" 200 2869
"GET /razor.html HTTP/1.1" 200 2869
"GET /twiki/bin/view/TWiki/ManagingWebs?rev=1.22 HTTP/1.1" 200 9310
"GET /twiki/bin/statistics/Main HTTP/1.1" 200 808
"GET /twiki/bin/view/TWiki/WikiCulture HTTP/1.1" 200 5935
"GET /robots.txt HTTP/1.1" 200 68
"GET /twiki/bin/edit/Main/WebSearch?t=1078669682 HTTP/1.1" 401 12846
"GET /twiki/bin/oops/TWiki/ResetPassword?template=oopsmore¶m1=1.4¶m2=1.4 HTTP/1.1" 200 11281
"GET /twiki/bin/view/TWiki/ManagingWebs?skin=print HTTP/1.1" 200 8806
"GET /twiki/bin/edit/Main/UvscanAndPostFix?topicparent=Main.WebHome HTTP/1.1" 401 12846
"GET /twiki/bin/view/TWiki/KlausWriessnegger HTTP/1.1" 200 3848
"GET /twiki/bin/view/Main/SpamAssassin HTTP/1.1" 200 4081
"GET /razor.html HTTP/1.1" 200 2869
"GET /razor.html HTTP/1.1" 200 2869
"GET /razor.html HTTP/1.1" 200 2869
"GET /robots.txt HTTP/1.1" 200 68
"GET /twiki/bin/oops/TWiki/RichardDonkin?template=oopsmore¶m1=1.2¶m2=1.2 HTTP/1.1" 200 11281
"GET /twiki/bin/rdiff/TWiki/AlWilliams?rev1=1.3&rev2=1.2 HTTP/1.1" 200 4485
"GET /twiki/bin/rdiff/TWiki/AlWilliams?rev1=1.2&rev2=1.1 HTTP/1.1" 200 5234
"GET /robots.txt HTTP/1.1" 200 68
"GET /twiki/bin/view/TWiki/SvenDowideit HTTP/1.1" 200 3616
"GET /twiki/bin/search/Main/SearchResult?scope=text®ex=on&search=Office%20*Locations[^A-Za-z] HTTP/1.1" 200 7771"GET /mailman/listinfo/business HTTP/1.1" 200 6379
"GET /mailman/listinfo/business HTTP/1.1" 200 6379
"GET /mailman/listinfo/business HTTP/1.1" 200 6379
"GET /razor.html HTTP/1.1" 200 2869
"GET /twiki/bin/search/Main/SearchResult?scope=text®ex=on&search=Office%20*Locations[^A-Za-z] HTTP/1.1" 200 7771"GET /mailman/listinfo/business HTTP/1.1" 200 6379
"GET /mailman/listinfo/business HTTP/1.1" 200 6379
"GET /mailman/listinfo/business HTTP/1.1" 200 6379
